[mobirise.com/extensions/luxurym4/watchstore/index.html]
[mobirise.com/extensions/luxurym4/assets/images/logo4.png]
[backblue.gif]
[fade.gif]
[index.html]
[mobirise.com/extensions/luxurym4/assets/web/assets/mobirise-icons/mobirise-icons.css]
[mobirise.com/extensions/luxurym4/assets/web/assets/mobirise-icons2/mobirise2.css]
[mobirise.com/extensions/luxurym4/assets/tether/tether.min.css]
[mobirise.com/extensions/luxurym4/assets/bootstrap/css/bootstrap.min.css]
[mobirise.com/extensions/luxurym4/assets/bootstrap/css/bootstrap-grid.min.css]
[mobirise.com/extensions/luxurym4/assets/bootstrap/css/bootstrap-reboot.min.css]
[mobirise.com/extensions/luxurym4/assets/pwa-builder-plugin/pwa-builder.css]
[mobirise.com/extensions/luxurym4/assets/formstyler/jquery.formstyler.css]
[mobirise.com/extensions/luxurym4/assets/formstyler/jquery.formstyler.theme.css]
[mobirise.com/extensions/luxurym4/assets/dropdown/css/style.css]
[mobirise.com/extensions/luxurym4/assets/socicon/css/styles.css]
[mobirise.com/extensions/luxurym4/assets/theme/css/style.css]
[mobirise.com/extensions/luxurym4/assets/gallery/style.css]
[mobirise.com/extensions/luxurym4/assets/mobirise/css/mbr-additional.css]
[mobirise.com/extensions/luxurym4/watchstore/watch.html]
[mobirise.com/extensions/luxurym4/watchstore/shop.html]
[mobirise.com/extensions/luxurym4/watchstore/accessories.html]
[mobirise.com/extensions/luxurym4/watchstore/headers.html]
[mobirise.com/extensions/luxurym4/watchstore/images.html]
[mobirise.com/extensions/luxurym4/watchstore/titles.html]
[mobirise.com/extensions/luxurym4/watchstore/features.html]
[mobirise.com/extensions/luxurym4/watchstore/content.html]
[mobirise.com/extensions/luxurym4/watchstore/form.html]
[mobirise.com/extensions/luxurym4/assets/images/watch2-1308x872.jpg]
[mobirise.com/extensions/luxurym4/assets/images/watch3-1098x682.jpg]
[mobirise.com/extensions/luxurym4/assets/images/watch4-1920x1281-800x534.jpg]
[mobirise.com/extensions/luxurym4/assets/images/watch5-1920x1280-800x533.jpg]
[mobirise.com/extensions/luxurym4/assets/images/watch6-1920x1280-800x533.jpg]
[mobirise.com/extensions/luxurym4/assets/images/watch8-966x644.jpg]
[mobirise.com/extensions/luxurym4/assets/images/company-966x1353.jpg]
[mobirise.com/extensions/luxurym4/assets/web/assets/jquery/jquery.min.js]
[mobirise.com/extensions/luxurym4/assets/tether/tether.min.js]
[mobirise.com/extensions/luxurym4/assets/popper/popper.min.js]
[mobirise.com/extensions/luxurym4/assets/bootstrap/js/bootstrap.min.js]
[mobirise.com/extensions/luxurym4/assets/viewportchecker/jquery.viewportchecker.js]
[mobirise.com/extensions/luxurym4/assets/mobirise-shop/script.js]
[mobirise.com/extensions/luxurym4/assets/formstyler/jquery.formstyler.js]
[mobirise.com/extensions/luxurym4/assets/formstyler/jquery.formstyler.min.js]
[mobirise.com/extensions/luxurym4/assets/sociallikes/social-likes.js]
[mobirise.com/extensions/luxurym4/assets/dropdown/js/nav-dropdown.js]
[mobirise.com/extensions/luxurym4/assets/dropdown/js/navbar-dropdown.js]
[mobirise.com/extensions/luxurym4/assets/touchswipe/jquery.touch-swipe.min.js]
[mobirise.com/extensions/luxurym4/assets/smoothscroll/smooth-scroll.js]
[mobirise.com/extensions/luxurym4/assets/theme/js/script.js]
[mobirise.com/extensions/luxurym4/assets/gallery/player.min.js]
[mobirise.com/extensions/luxurym4/assets/gallery/script.js]
[mobirise.com/extensions/luxurym4/assets/Formoid/formoid.min.js]
[mobirise.com/extensions/luxurym4/watchstore/index.html]
[mobirise.com/extensions/luxurym4/assets/web/assets/mobirise-icons/mobirise-icons0e1c.eot]
[mobirise.com/extensions/luxurym4/assets/web/assets/mobirise-icons/mobirise-icons0e1c.ttf]
[mobirise.com/extensions/luxurym4/assets/web/assets/mobirise-icons/mobirise-icons0e1c.woff]
[mobirise.com/extensions/luxurym4/assets/web/assets/mobirise-icons/mobirise-icons.css]
[mobirise.com/extensions/luxurym4/assets/web/assets/mobirise-icons/mobirise-icons0e1c.svg]
[mobirise.com/extensions/luxurym4/assets/web/assets/mobirise-icons2/mobirise21e04.eot]
[mobirise.com/extensions/luxurym4/assets/web/assets/mobirise-icons2/mobirise21e04.ttf]
[mobirise.com/extensions/luxurym4/assets/web/assets/mobirise-icons2/mobirise21e04.woff]
[mobirise.com/extensions/luxurym4/assets/web/assets/mobirise-icons2/mobirise2.css]
[mobirise.com/extensions/luxurym4/assets/tether/tether.min.css]
[mobirise.com/extensions/luxurym4/assets/bootstrap/css/bootstrap.min.css]
[mobirise.com/extensions/luxurym4/assets/bootstrap/css/bootstrap-grid.min.css]
[mobirise.com/extensions/luxurym4/assets/bootstrap/css/bootstrap-reboot.min.css]
[mobirise.com/extensions/luxurym4/assets/pwa-builder-plugin/pwa-builder.css]
[mobirise.com/extensions/luxurym4/assets/formstyler/jquery.formstyler.css]
[mobirise.com/extensions/luxurym4/assets/formstyler/jquery.formstyler.theme.css]
[mobirise.com/extensions/luxurym4/assets/dropdown/css/style.css]
[mobirise.com/extensions/luxurym4/assets/socicon/css/styles.css]
[mobirise.com/extensions/luxurym4/assets/theme/css/style.css]
[mobirise.com/extensions/luxurym4/assets/gallery/style.css]
[mobirise.com/extensions/luxurym4/assets/web/assets/mobirise-icons2/mobirise21e04.svg]
[mobirise.com/extensions/luxurym4/assets/images/rign43.jpg]
[mobirise.com/extensions/luxurym4/assets/images/watch1-1920x1280.jpg]
[mobirise.com/extensions/luxurym4/assets/images/shop24.jpg]
[mobirise.com/extensions/luxurym4/assets/images/shop45.jpg]
[mobirise.com/extensions/luxurym4/assets/images/necklace1-1-1920x1280.jpg]
[mobirise.com/extensions/luxurym4/assets/mobirise/css/mbr-additional.css]
[www.googletagmanager.com/gtm5445.html]
[mobirise.com/extensions/luxurym4/watchstore/watch.html]
[mobirise.com/extensions/luxurym4/assets/images/background7.jpg]
[mobirise.com/extensions/luxurym4/assets/images/card1.jpg]
[mobirise.com/extensions/luxurym4/assets/images/card2.jpg]
[mobirise.com/extensions/luxurym4/assets/images/card3.jpg]
[mobirise.com/extensions/luxurym4/assets/images/card4.jpg]
[mobirise.com/extensions/luxurym4/assets/images/shop7.jpg]
[mobirise.com/extensions/luxurym4/assets/images/shop6.jpg]
[mobirise.com/extensions/luxurym4/assets/images/ring4.jpg]
[mobirise.com/extensions/luxurym4/assets/images/rign4-714x476.jpg]
[mobirise.com/extensions/luxurym4/assets/images/shop2-714x476.jpg]
[mobirise.com/extensions/luxurym4/assets/images/shop0-714x476.jpg]
[mobirise.com/extensions/luxurym4/assets/images/team4.jpg]
[mobirise.com/extensions/luxurym4/assets/images/team7.jpg]
[mobirise.com/extensions/luxurym4/assets/images/team3.jpg]
[mobirise.com/extensions/luxurym4/assets/images/team5.jpg]
[mobirise.com/extensions/luxurym4/assets/ytplayer/jquery.mb.ytplayer.min.js]
[mobirise.com/extensions/luxurym4/assets/vimeoplayer/jquery.mb.vimeo_player.js]
[mobirise.com/extensions/luxurym4/watchstore/shop.html]
[mobirise.com/extensions/luxurym4/assets/images/bracelet1-1035x691.jpg]
[mobirise.com/extensions/luxurym4/assets/images/store.jpg]
[mobirise.com/extensions/luxurym4/assets/images/necklace1-646x431.jpg]
[mobirise.com/extensions/luxurym4/assets/images/necklaces4-712x475.jpg]
[mobirise.com/extensions/luxurym4/assets/images/bracelet1-712x475.jpg]
[mobirise.com/extensions/luxurym4/assets/images/necklaces3-712x475.jpg]
[mobirise.com/extensions/luxurym4/assets/images/necklace3-712x475.jpg]
[mobirise.com/extensions/luxurym4/assets/images/necklace4-646x431.jpg]
[mobirise.com/extensions/luxurym4/assets/images/company2-966x642.jpg]
[mobirise.com/extensions/luxurym4/assets/images/necklace1-546x364.jpg]
[mobirise.com/extensions/luxurym4/assets/images/necklaces3-546x364.jpg]
[mobirise.com/extensions/luxurym4/assets/images/necklace4-546x364.jpg]
[mobirise.com/extensions/luxurym4/assets/images/necklaces4-546x364.jpg]
[mobirise.com/extensions/luxurym4/assets/images/necklace4-934x623.jpg]
[mobirise.com/extensions/luxurym4/assets/parallax/jarallax.min.js]
[mobirise.com/extensions/luxurym4/watchstore/accessories.html]
[mobirise.com/extensions/luxurym4/assets/images/ring5.jpg]
[mobirise.com/extensions/luxurym4/assets/images/shop4.jpg]
[mobirise.com/extensions/luxurym4/watchstore/headers.html]
[mobirise.com/extensions/luxurym4/assets/images/rign4.jpg]
[mobirise.com/extensions/luxurym4/assets/images/shop0.jpg]
[mobirise.com/extensions/luxurym4/watchstore/images.html]
[mobirise.com/extensions/luxurym4/watchstore/titles.html]
[mobirise.com/extensions/luxurym4/assets/images/img1.jpg]
[mobirise.com/extensions/luxurym4/assets/images/img2.jpg]
[mobirise.com/extensions/luxurym4/assets/images/img3.jpg]
[mobirise.com/extensions/luxurym4/assets/images/img5.jpg]
[mobirise.com/extensions/luxurym4/assets/images/img4.jpg]
[mobirise.com/extensions/luxurym4/assets/images/img6.jpg]
[mobirise.com/extensions/luxurym4/watchstore/features.html]
[mobirise.com/extensions/luxurym4/assets/images/company.jpg]
[mobirise.com/extensions/luxurym4/watchstore/content.html]
[mobirise.com/extensions/luxurym4/assets/web/assets/mobirise-icons-bold/mobirise-icons-bold.css]
[mobirise.com/extensions/luxurym4/assets/images/background9.jpg]
[mobirise.com/extensions/luxurym4/assets/images/team1.jpg]
[mobirise.com/extensions/luxurym4/assets/images/team2.jpg]
[mobirise.com/extensions/luxurym4/watchstore/form.html]
[mobirise.com/extensions/luxurym4/assets/web/assets/mobirise-icons/mobirise-icons0e1c.svg]
[mobirise.com/extensions/luxurym4/assets/web/assets/mobirise-icons2/mobirise21e04.svg]
[mobirise.com/extensions/luxurym4/assets/web/assets/mobirise-icons-bold/mobirise-icons-bold84ca.eot]
[mobirise.com/extensions/luxurym4/assets/web/assets/mobirise-icons-bold/mobirise-icons-bold84ca.ttf]
[mobirise.com/extensions/luxurym4/assets/web/assets/mobirise-icons-bold/mobirise-icons-bold84ca.woff]
[mobirise.com/extensions/luxurym4/assets/web/assets/mobirise-icons-bold/mobirise-icons-bold.css]
[mobirise.com/extensions/luxurym4/assets/web/assets/mobirise-icons-bold/mobirise-icons-bold84ca.svg]
[mobirise.com/extensions/luxurym4/assets/web/assets/mobirise-icons-bold/mobirise-icons-bold84ca.svg]
